[2025-03-31 04:27:46] Failed login attempt for username: admin1 - Invalid password.
[2025-03-31 04:37:35] CSRF token mismatch on admin login attempt.
[2025-03-31 04:37:41] CSRF token mismatch on admin login attempt.
[2025-03-31 04:38:21] CSRF token mismatch on admin login attempt.
[2025-03-31 04:38:27] CSRF token mismatch on admin login attempt.
[2025-03-31 04:38:48] CSRF token mismatch on admin login attempt.
[2025-03-31 04:38:53] CSRF token mismatch on admin login attempt.
[2025-03-31 04:46:36] CSRF token mismatch on admin login attempt.
[2025-03-31 04:46:43] CSRF token mismatch on admin login attempt.
[2025-03-31 04:47:02] CSRF token mismatch on admin login attempt.
[2025-03-31 04:49:19] Admin 1 accessed dashboard
[2025-03-31 04:49:33] Admin 1 accessed dashboard
[2025-03-31 04:49:35] Admin 1 accessed dashboard
[2025-03-31 04:49:36] Admin 1 accessed dashboard
[2025-03-31 04:49:39] Admin 1 accessed dashboard
[2025-03-31 04:49:54] Admin 1 accessed dashboard
[2025-03-31 04:52:08] Admin login page accessed with CSRF token: ed5c80bea92affd6cad9971e4c77c10331779efdc3137d51b5eea966d75c5d79
[2025-03-31 04:52:14] Admin login page accessed with CSRF token: ed5c80bea92affd6cad9971e4c77c10331779efdc3137d51b5eea966d75c5d79
[2025-03-31 04:52:14] Admin admin1 logged in successfully with ID 1
[2025-03-31 04:52:14] Admin 1 accessed dashboard
[2025-03-31 04:52:31] Admin 1 accessed dashboard
[2025-03-31 04:52:31] Admin 1 accessed dashboard
[2025-03-31 04:52:45] Admin 1 accessed dashboard
[2025-03-31 04:53:02] Admin 1 accessed dashboard
[2025-03-31 04:53:06] Admin 1 accessed dashboard
[2025-03-31 04:58:23] Admin 1 accessed dashboard
[2025-03-31 05:00:27] Admin 1 accessed dashboard
[2025-03-31 05:00:45] Admin 1 accessed dashboard
[2025-03-31 05:05:29] Admin 1 accessed dashboard
[2025-03-31 05:05:35] Admin 1 accessed dashboard
[2025-03-31 05:07:44] Admin 1 accessed dashboard
[2025-03-31 05:10:48] Admin 1 accessed dashboard
[2025-03-31 05:11:28] Admin 1 accessed dashboard
[2025-03-31 05:16:15] Admin 1 accessed dashboard
[2025-03-31 05:20:52] Admin 1 accessed dashboard
[2025-03-31 05:30:14] Admin 1 accessed dashboard
[2025-03-31 05:31:39] Admin 1 accessed dashboard
[2025-03-31 05:32:23] Admin login page accessed with CSRF token: 33760e363552541e45c96798bfaa869183d12c344a5fafe0510e751ec9948786
[2025-03-31 05:32:24] Admin login page accessed with CSRF token: 33760e363552541e45c96798bfaa869183d12c344a5fafe0510e751ec9948786
[2025-03-31 05:32:24] Admin admin1 logged in successfully with ID 1
[2025-03-31 05:32:24] Admin 1 accessed dashboard
[2025-03-31 05:36:37] Admin 1 accessed dashboard
[2025-03-31 05:36:57] Admin 1 accessed dashboard
[2025-03-31 05:37:00] Admin login page accessed with CSRF token: 06d14c6fc9a4bd74ca49c5858c80ffa142bcbd14492b8fb518403f5f84ffc6b2
[2025-03-31 05:37:02] Admin login page accessed with CSRF token: 06d14c6fc9a4bd74ca49c5858c80ffa142bcbd14492b8fb518403f5f84ffc6b2
[2025-03-31 05:37:02] Admin admin1 logged in successfully with ID 1
[2025-03-31 05:37:02] Admin 1 accessed dashboard
[2025-03-31 05:38:59] Admin 1 accessed dashboard
[2025-03-31 05:40:55] Admin 1 accessed dashboard
[2025-03-31 05:45:34] Admin 1 accessed dashboard
[2025-03-31 05:45:49] Admin 1 accessed dashboard
[2025-03-31 05:48:52] Admin 1 accessed dashboard
[2025-03-31 05:49:00] Admin 1 accessed dashboard
[2025-03-31 05:50:24] Admin 1 accessed dashboard
[2025-03-31 10:16:27] Admin 1 accessed dashboard
[2025-03-31 10:16:28] Admin 1 accessed dashboard
[2025-03-31 10:16:33] Viewing course ID: 4, Content Type: pdf, Path: uploads/pdfs/قرار فتح المباراة.pdf
[2025-03-31 10:16:33] PDF streamed successfully: uploads/pdfs/قرار فتح المباراة.pdf
[2025-03-31 10:16:33] PDF streamed successfully: uploads/pdfs/قرار فتح المباراة.pdf
[2025-03-31 10:16:33] PDF streamed successfully: uploads/pdfs/قرار فتح المباراة.pdf
[2025-03-31 10:16:33] PDF streamed successfully: uploads/pdfs/قرار فتح المباراة.pdf
[2025-03-31 10:16:33] PDF streamed successfully: uploads/pdfs/قرار فتح المباراة.pdf
[2025-03-31 10:16:33] PDF streamed successfully: uploads/pdfs/قرار فتح المباراة.pdf
[2025-03-31 10:16:33] PDF streamed successfully: uploads/pdfs/قرار فتح المباراة.pdf
[2025-03-31 10:16:46] Viewing course ID: 4, Content Type: pdf, Path: uploads/pdfs/قرار فتح المباراة.pdf
[2025-03-31 10:16:46] PDF streamed successfully: uploads/pdfs/قرار فتح المباراة.pdf
[2025-03-31 10:16:50] PDF streamed successfully: uploads/pdfs/قرار فتح المباراة.pdf
[2025-03-31 10:16:50] PDF streamed successfully: uploads/pdfs/قرار فتح المباراة.pdf
[2025-03-31 10:16:50] PDF streamed successfully: uploads/pdfs/قرار فتح المباراة.pdf
[2025-03-31 10:16:50] PDF streamed successfully: uploads/pdfs/قرار فتح المباراة.pdf
[2025-03-31 10:16:50] PDF streamed successfully: uploads/pdfs/قرار فتح المباراة.pdf
[2025-03-31 10:16:50] PDF streamed successfully: uploads/pdfs/قرار فتح المباراة.pdf
[2025-03-31 10:16:55] Viewing course ID: 4, Content Type: pdf, Path: uploads/pdfs/قرار فتح المباراة.pdf
[2025-03-31 10:16:55] PDF streamed successfully: uploads/pdfs/قرار فتح المباراة.pdf
[2025-03-31 10:44:59] Viewing course ID: 4, Content Type: pdf, Path: uploads/pdfs/قرار فتح المباراة.pdf
[2025-03-31 10:47:09] Viewing course ID: 4, Content Type: pdf, Path: uploads/pdfs/قرار فتح المباراة.pdf
[2025-03-31 10:47:13] Viewing course ID: 4, Content Type: pdf, Path: uploads/pdfs/قرار فتح المباراة.pdf
[2025-03-31 10:54:01] Viewing course ID: 4, Content Type: pdf, Path: uploads/pdfs/قرار فتح المباراة.pdf
[2025-03-31 10:54:03] Viewing course ID: 4, Content Type: pdf, Path: uploads/pdfs/قرار فتح المباراة.pdf
[2025-03-31 10:56:01] Viewing course ID: 4, Content Type: pdf, Path: uploads/pdfs/قرار فتح المباراة.pdf
[2025-03-31 10:56:29] Viewing course ID: 4, Content Type: pdf, Path: uploads/pdfs/قرار فتح المباراة.pdf
[2025-03-31 11:06:56] Viewing course ID: 4, Content Type: pdf, Path: uploads/pdfs/قرار فتح المباراة.pdf
[2025-03-31 11:10:23] Viewing course ID: 4, Content Type: pdf, Path: uploads/pdfs/قرار فتح المباراة.pdf
[2025-03-31 11:10:24] Viewing course ID: 4, Content Type: pdf, Path: uploads/pdfs/قرار فتح المباراة.pdf
[2025-03-31 11:14:20] Viewing course ID: 4, Content Type: pdf, Path: uploads/pdfs/قرار فتح المباراة.pdf
[2025-03-31 11:14:21] Viewing course ID: 4, Content Type: pdf, Path: uploads/pdfs/قرار فتح المباراة.pdf
[2025-03-31 11:16:22] Viewing course ID: 4, Content Type: pdf, Path: uploads/pdfs/قرار فتح المباراة.pdf
[2025-03-31 11:16:23] Viewing course ID: 4, Content Type: pdf, Path: uploads/pdfs/قرار فتح المباراة.pdf
[2025-03-31 11:17:10] Viewing course ID: 4, Content Type: pdf, Path: uploads/pdfs/قرار فتح المباراة.pdf
[2025-03-31 11:17:11] PDF streamed successfully: uploads/pdfs/قرار فتح المباراة.pdf
[2025-03-31 11:25:24] PDF streamed successfully: uploads/pdfs/قرار فتح المباراة.pdf
[2025-03-31 11:25:24] PDF streamed successfully: uploads/pdfs/قرار فتح المباراة.pdf
[2025-03-31 11:25:24] PDF streamed successfully: uploads/pdfs/قرار فتح المباراة.pdf
[2025-03-31 11:25:24] PDF streamed successfully: uploads/pdfs/قرار فتح المباراة.pdf
[2025-03-31 11:25:24] PDF streamed successfully: uploads/pdfs/قرار فتح المباراة.pdf
[2025-03-31 11:25:24] PDF streamed successfully: uploads/pdfs/قرار فتح المباراة.pdf
[2025-03-31 11:25:24] PDF streamed successfully: uploads/pdfs/قرار فتح المباراة.pdf
[2025-03-31 11:27:44] Admin login page accessed with CSRF token: cd71c0b736d21edede51fc2b95958a38491831587fb7389540cd51bd95a12f53
[2025-03-31 11:27:52] Admin login page accessed with CSRF token: cd71c0b736d21edede51fc2b95958a38491831587fb7389540cd51bd95a12f53
[2025-03-31 11:27:52] Admin admin1 logged in successfully with ID 1
[2025-03-31 11:27:52] Admin 1 accessed dashboard
[2025-03-31 11:28:00] Viewing course ID: 4, Content Type: pdf, Path: uploads/pdfs/قرار فتح المباراة.pdf
[2025-03-31 11:28:00] PDF streamed successfully: uploads/pdfs/قرار فتح المباراة.pdf
[2025-03-31 11:28:01] PDF streamed successfully: uploads/pdfs/قرار فتح المباراة.pdf
[2025-03-31 11:28:01] PDF streamed successfully: uploads/pdfs/قرار فتح المباراة.pdf
[2025-03-31 11:28:01] PDF streamed successfully: uploads/pdfs/قرار فتح المباراة.pdf
[2025-03-31 11:28:01] PDF streamed successfully: uploads/pdfs/قرار فتح المباراة.pdf
[2025-03-31 11:28:01] PDF streamed successfully: uploads/pdfs/قرار فتح المباراة.pdf
[2025-03-31 11:28:01] PDF streamed successfully: uploads/pdfs/قرار فتح المباراة.pdf
[2025-03-31 11:29:43] Viewing course ID: 4, Content Type: pdf, Path: uploads/pdfs/قرار فتح المباراة.pdf
[2025-03-31 11:29:43] PDF streamed successfully: uploads/pdfs/قرار فتح المباراة.pdf
[2025-03-31 11:29:43] PDF streamed successfully: uploads/pdfs/قرار فتح المباراة.pdf
[2025-03-31 11:29:43] PDF streamed successfully: uploads/pdfs/قرار فتح المباراة.pdf
[2025-03-31 11:29:43] PDF streamed successfully: uploads/pdfs/قرار فتح المباراة.pdf
[2025-03-31 11:29:43] PDF streamed successfully: uploads/pdfs/قرار فتح المباراة.pdf
[2025-03-31 11:29:43] PDF streamed successfully: uploads/pdfs/قرار فتح المباراة.pdf
[2025-03-31 11:29:43] PDF streamed successfully: uploads/pdfs/قرار فتح المباراة.pdf
[2025-03-31 11:29:47] Viewing course ID: 4, Content Type: pdf, Path: uploads/pdfs/قرار فتح المباراة.pdf
[2025-03-31 11:29:47] PDF streamed successfully: uploads/pdfs/قرار فتح المباراة.pdf
[2025-03-31 11:29:47] PDF streamed successfully: uploads/pdfs/قرار فتح المباراة.pdf
[2025-03-31 11:29:47] PDF streamed successfully: uploads/pdfs/قرار فتح المباراة.pdf
[2025-03-31 11:29:47] PDF streamed successfully: uploads/pdfs/قرار فتح المباراة.pdf
[2025-03-31 11:29:47] PDF streamed successfully: uploads/pdfs/قرار فتح المباراة.pdf
[2025-03-31 11:29:47] PDF streamed successfully: uploads/pdfs/قرار فتح المباراة.pdf
[2025-03-31 11:29:47] PDF streamed successfully: uploads/pdfs/قرار فتح المباراة.pdf
[2025-03-31 11:29:55] Viewing course ID: 4, Content Type: pdf, Path: uploads/pdfs/قرار فتح المباراة.pdf
[2025-03-31 11:29:55] PDF streamed successfully: uploads/pdfs/قرار فتح المباراة.pdf
[2025-03-31 11:30:04] PDF streamed successfully: uploads/pdfs/قرار فتح المباراة.pdf
[2025-03-31 11:30:13] PDF streamed successfully: uploads/pdfs/قرار فتح المباراة.pdf
[2025-03-31 11:30:14] PDF streamed successfully: uploads/pdfs/قرار فتح المباراة.pdf
[2025-03-31 11:30:14] PDF streamed successfully: uploads/pdfs/قرار فتح المباراة.pdf
[2025-03-31 11:30:14] PDF streamed successfully: uploads/pdfs/قرار فتح المباراة.pdf
[2025-03-31 11:30:14] PDF streamed successfully: uploads/pdfs/قرار فتح المباراة.pdf
[2025-03-31 11:30:14] PDF streamed successfully: uploads/pdfs/قرار فتح المباراة.pdf
[2025-03-31 11:30:14] PDF streamed successfully: uploads/pdfs/قرار فتح المباراة.pdf
[2025-03-31 11:33:56] Viewing course ID: 4, Content Type: pdf, Path: uploads/pdfs/قرار فتح المباراة.pdf
[2025-03-31 11:33:56] PDF streamed successfully: uploads/pdfs/قرار فتح المباراة.pdf
[2025-03-31 11:34:09] Viewing course ID: 4, Content Type: pdf, Path: uploads/pdfs/قرار فتح المباراة.pdf
[2025-03-31 11:34:09] PDF streamed successfully: uploads/pdfs/قرار فتح المباراة.pdf
[2025-03-31 11:35:06] Viewing course ID: 4, Content Type: pdf, Path: uploads/pdfs/قرار فتح المباراة.pdf
[2025-03-31 11:35:06] PDF streamed successfully: uploads/pdfs/قرار فتح المباراة.pdf
[2025-03-31 11:35:09] PDF streamed successfully: uploads/pdfs/قرار فتح المباراة.pdf
